This is pdfTeX, Version 3.141592653-2.6-1.40.29 (TeX Live 2026/Arch Linux) (preloaded format=pdflatex 2026.3.19)  6 JUL 2026 11:00
entering extended mode
 \write18 enabled.
 %&-line parsing enabled.
**agradecimentos.tex
(./agradecimentos.tex
LaTeX2e <2025-11-01>
L3 programming layer <2026-01-19>

! LaTeX Error: Missing \begin{document}.

See the LaTeX manual or LaTeX Companion for explanation.
Type  H <return>  for immediate help.
 ...                                              
                                                  
l.4 \begin{center}
                  
You're in trouble here.  Try typing  <return>  to proceed.
If that doesn't work, type  X <return>  to quit.


Overfull \hbox (20.0pt too wide) in paragraph at lines 4--4
[] 
 []


Overfull \hbox (15.08878pt too wide) in paragraph at lines 11--11
 \OT1/cmr/m/it/10 For 
 []


Overfull \hbox (10.73328pt too wide) in paragraph at lines 11--11
 \OT1/cmr/m/it/10 all 
 []


Overfull \hbox (8.17773pt too wide) in paragraph at lines 11--11
 \OT1/cmr/m/it/10 of 
 []


Overfull \hbox (22.23318pt too wide) in paragraph at lines 11--11
 \OT1/cmr/m/it/10 those 
 []


Overfull \hbox (16.86658pt too wide) in paragraph at lines 11--11
 \OT1/cmr/m/it/10 who 
 []


Overfull \hbox (13.41655pt too wide) in paragraph at lines 11--11
 \OT1/cmr/m/it/10 are 
 []


Overfull \hbox (9.32771pt too wide) in paragraph at lines 11--11
 \OT1/cmr/m/it/10 or 
 []


Overfull \hbox (22.61649pt too wide) in paragraph at lines 11--11
 \OT1/cmr/m/it/10 were: 
 []


Overfull \hbox (21.36098pt too wide) in paragraph at lines 11--11
 []\OT1/cmr/m/it/10 Your 
 []


Overfull \hbox (35.64972pt too wide) in paragraph at lines 11--11
 \OT1/cmr/m/it/10 courage, 
 []


Overfull \hbox (13.28879pt too wide) in paragraph at lines 11--11
 \OT1/cmr/m/it/10 pa- 
 []


Overfull \hbox (28.36644pt too wide) in paragraph at lines 11--11
 \OT1/cmr/m/it/10 tience, 
 []


Overfull \hbox (18.01654pt too wide) in paragraph at lines 11--11
 \OT1/cmr/m/it/10 dar- 
 []


Overfull \hbox (16.35545pt too wide) in paragraph at lines 11--11
 \OT1/cmr/m/it/10 ing, 
 []


Overfull \hbox (15.84436pt too wide) in paragraph at lines 11--11
 \OT1/cmr/m/it/10 and 
 []


Overfull \hbox (16.9943pt too wide) in paragraph at lines 11--11
 \OT1/cmr/m/it/10 car- 
 []


Overfull \hbox (13.2888pt too wide) in paragraph at lines 11--11
 \OT1/cmr/m/it/10 ing 
 []


Overfull \hbox (14.31104pt too wide) in paragraph at lines 11--11
 \OT1/cmr/m/it/10 has 
 []


Overfull \hbox (31.81642pt too wide) in paragraph at lines 11--11
 \OT1/cmr/m/it/10 brought 
 []


Overfull \hbox (12.7777pt too wide) in paragraph at lines 11--11
 \OT1/cmr/m/it/10 me 
 []


Overfull \hbox (21.08316pt too wide) in paragraph at lines 11--11
 \OT1/cmr/m/it/10 here. 
 []


Overfull \hbox (11.49992pt too wide) in paragraph at lines 11--11
 []\OT1/cmr/m/it/10 To 
 []


Overfull \hbox (18.911pt too wide) in paragraph at lines 11--11
 \OT1/cmr/m/it/10 hop- 
 []


Overfull \hbox (13.2888pt too wide) in paragraph at lines 11--11
 \OT1/cmr/m/it/10 ing 
 []


Overfull \hbox (16.86655pt too wide) in paragraph at lines 11--11
 \OT1/cmr/m/it/10 that 
 []


Overfull \hbox (3.85553pt too wide) in paragraph at lines 11--11
 \OT1/cmr/m/it/10 I 
 []


Overfull \hbox (12.26654pt too wide) in paragraph at lines 11--11
 \OT1/cmr/m/it/10 be- 
 []


Overfull \hbox (21.97762pt too wide) in paragraph at lines 11--11
 \OT1/cmr/m/it/10 come 
 []


Overfull \hbox (13.28879pt too wide) in paragraph at lines 11--11
 \OT1/cmr/m/it/10 de- 
 []


Overfull \hbox (21.08316pt too wide) in paragraph at lines 11--11
 \OT1/cmr/m/it/10 serv- 
 []


Overfull \hbox (13.2888pt too wide) in paragraph at lines 11--11
 \OT1/cmr/m/it/10 ing 
 []


Overfull \hbox (8.17773pt too wide) in paragraph at lines 11--11
 \OT1/cmr/m/it/10 of 
 []


Overfull \hbox (19.16655pt too wide) in paragraph at lines 11--11
 \OT1/cmr/m/it/10 such 
 []


Overfull \hbox (16.09988pt too wide) in paragraph at lines 11--11
 \OT1/cmr/m/it/10 act, 
 []


Overfull \hbox (12.39436pt too wide) in paragraph at lines 11--11
 \OT1/cmr/m/it/10 for 
 []


Overfull \hbox (3.85553pt too wide) in paragraph at lines 11--11
 \OT1/cmr/m/it/10 I 
 []


Overfull \hbox (14.31099pt too wide) in paragraph at lines 11--11
 \OT1/cmr/m/it/10 feel 
 []


Overfull \hbox (21.4665pt too wide) in paragraph at lines 11--11
 \OT1/cmr/m/it/10 loved 
 []


Overfull \hbox (15.84436pt too wide) in paragraph at lines 11--11
 \OT1/cmr/m/it/10 and 
 []


Overfull \hbox (21.59428pt too wide) in paragraph at lines 11--11
 \OT1/cmr/m/it/10 dear; 
 []


Overfull \hbox (8.17773pt too wide) in paragraph at lines 11--11
 \OT1/cmr/m/it/10 of 
 []


Overfull \hbox (14.82213pt too wide) in paragraph at lines 11--11
 \OT1/cmr/m/it/10 im- 
 []


Overfull \hbox (27.08871pt too wide) in paragraph at lines 11--11
 \OT1/cmr/m/it/10 mense 
 []


Overfull \hbox (20.18875pt too wide) in paragraph at lines 11--11
 \OT1/cmr/m/it/10 luck. 
 []


Overfull \hbox (15.08878pt too wide) in paragraph at lines 11--11
 []\OT1/cmr/m/it/10 For 
 []


Overfull \hbox (10.73328pt too wide) in paragraph at lines 11--11
 \OT1/cmr/m/it/10 all 
 []


Overfull \hbox (8.17773pt too wide) in paragraph at lines 11--11
 \OT1/cmr/m/it/10 of 
 []


Overfull \hbox (22.23318pt too wide) in paragraph at lines 11--11
 \OT1/cmr/m/it/10 those 
 []


Overfull \hbox (16.86658pt too wide) in paragraph at lines 11--11
 \OT1/cmr/m/it/10 who 
 []


Overfull \hbox (15.33325pt too wide) in paragraph at lines 11--11
 \OT1/cmr/m/it/10 will 
 []


Overfull \hbox (11.75545pt too wide) in paragraph at lines 11--11
 \OT1/cmr/m/it/10 be: 
 []


Overfull \hbox (11.49992pt too wide) in paragraph at lines 11--12
 []\OT1/cmr/m/it/10 To 
 []


Overfull \hbox (33.86089pt too wide) in paragraph at lines 11--12
 \OT1/cmr/m/it/10 promise 
 []


Overfull \hbox (16.86655pt too wide) in paragraph at lines 11--12
 \OT1/cmr/m/it/10 that 
 []


Overfull \hbox (3.85553pt too wide) in paragraph at lines 11--12
 \OT1/cmr/m/it/10 I 
 []


Overfull \hbox (14.82211pt too wide) in paragraph at lines 11--12
 \OT1/cmr/m/it/10 can 
 []


Overfull \hbox (12.39436pt too wide) in paragraph at lines 11--12
 \OT1/cmr/m/it/10 for 
 []


Overfull \hbox (15.33324pt too wide) in paragraph at lines 11--12
 \OT1/cmr/m/it/10 you 
 []


Overfull \hbox (9.19995pt too wide) in paragraph at lines 11--12
 \OT1/cmr/m/it/10 as 
 []


Overfull \hbox (6.38884pt too wide) in paragraph at lines 11--12
 \OT1/cmr/m/it/10 it 
 []


Overfull \hbox (15.84436pt too wide) in paragraph at lines 11--12
 \OT1/cmr/m/it/10 was 
 []


Overfull \hbox (20.44432pt too wide) in paragraph at lines 11--12
 \OT1/cmr/m/it/10 done 
 []


Overfull \hbox (12.39436pt too wide) in paragraph at lines 11--12
 \OT1/cmr/m/it/10 for 
 []


Overfull \hbox (15.84435pt too wide) in paragraph at lines 11--12
 \OT1/cmr/m/it/10 me. 
 []

Missing character: There is no T in font nullfont!
Missing character: There is no h in font nullfont!
Missing character: There is no i in font nullfont!
Missing character: There is no s in font nullfont!
Missing character: There is no s in font nullfont!
Missing character: There is no t in font nullfont!
Missing character: There is no u in font nullfont!
Missing character: There is no d in font nullfont!
Missing character: There is no y in font nullfont!
Missing character: There is no w in font nullfont!
Missing character: There is no a in font nullfont!
Missing character: There is no s in font nullfont!
Missing character: There is no f in font nullfont!
Missing character: There is no i in font nullfont!
Missing character: There is no n in font nullfont!
Missing character: There is no a in font nullfont!
Missing character: There is no n in font nullfont!
Missing character: There is no c in font nullfont!
Missing character: There is no e in font nullfont!
Missing character: There is no d in font nullfont!
Missing character: There is no , in font nullfont!
Missing character: There is no i in font nullfont!
Missing character: There is no n in font nullfont!
Missing character: There is no p in font nullfont!
Missing character: There is no a in font nullfont!
Missing character: There is no r in font nullfont!
Missing character: There is no t in font nullfont!
Missing character: There is no , in font nullfont!
Missing character: There is no b in font nullfont!
Missing character: There is no y in font nullfont!
Missing character: There is no t in font nullfont!
Missing character: There is no h in font nullfont!
Missing character: There is no e in font nullfont!
Missing character: There is no S in font nullfont!
LaTeX Font Info:    Trying to load font information for +cmr on input line 13.
LaTeX Font Info:    No file cmr.fd. on input line 13.

LaTeX Font Warning: Font shape `/cmr/m/n' undefined
(Font)              using `/cmr/m/n' instead on input line 13.

! Corrupted NFSS tables.
wrong@fontshape ...message {Corrupted NFSS tables}
                                                  error@fontshape else let f...
l.13 This study was financed, in part, by the Sã
                                                 o Paulo Research Foundation...
This error message was generated by an \errmessage
command, so I can't give any explicit help.
Pretend that you're Hercule Poirot: Examine all clues,
and deduce the truth by order and method.


LaTeX Font Warning: Font shape `/cmr/m/n' undefined
(Font)              using `OT1/cmr/m/n' instead on input line 13.

Missing character: There is no o in font nullfont!
Missing character: There is no P in font nullfont!
Missing character: There is no a in font nullfont!
Missing character: There is no u in font nullfont!
Missing character: There is no l in font nullfont!
Missing character: There is no o in font nullfont!
Missing character: There is no R in font nullfont!
Missing character: There is no e in font nullfont!
Missing character: There is no s in font nullfont!
Missing character: There is no e in font nullfont!
Missing character: There is no a in font nullfont!
Missing character: There is no r in font nullfont!
Missing character: There is no c in font nullfont!
Missing character: There is no h in font nullfont!
Missing character: There is no F in font nullfont!
Missing character: There is no o in font nullfont!
Missing character: There is no u in font nullfont!
Missing character: There is no n in font nullfont!
Missing character: There is no d in font nullfont!
Missing character: There is no a in font nullfont!
Missing character: There is no t in font nullfont!
Missing character: There is no i in font nullfont!
Missing character: There is no o in font nullfont!
Missing character: There is no n in font nullfont!
Missing character: There is no ( in font nullfont!
Missing character: There is no F in font nullfont!
Missing character: There is no A in font nullfont!
Missing character: There is no P in font nullfont!
Missing character: There is no E in font nullfont!
Missing character: There is no S in font nullfont!
Missing character: There is no P in font nullfont!
Missing character: There is no ) in font nullfont!
Missing character: There is no , in font nullfont!
Missing character: There is no B in font nullfont!
Missing character: There is no r in font nullfont!
Missing character: There is no a in font nullfont!
Missing character: There is no s in font nullfont!
Missing character: There is no i in font nullfont!
Missing character: There is no l in font nullfont!
Missing character: There is no . in font nullfont!
Missing character: There is no P in font nullfont!
Missing character: There is no r in font nullfont!
Missing character: There is no o in font nullfont!
Missing character: There is no c in font nullfont!
Missing character: There is no e in font nullfont!
Missing character: There is no s in font nullfont!
Missing character: There is no s in font nullfont!
Missing character: There is no N in font nullfont!
Missing character: There is no u in font nullfont!
Missing character: There is no m in font nullfont!
Missing character: There is no b in font nullfont!
Missing character: There is no e in font nullfont!
Missing character: There is no r in font nullfont!
! You can't use `macro parameter character #' in horizontal mode.
l.13 ...ndation (FAPESP), Brasil. Process Number #
                                                  2024/06997-1.
Sorry, but I'm not programmed to handle this case;
I'll just pretend that you didn't ask for it.
If you're in the wrong mode, you might be able to
return to the right one by typing `I}' or `I$' or `I\par'.

Missing character: There is no 2 in font nullfont!
Missing character: There is no 0 in font nullfont!
Missing character: There is no 2 in font nullfont!
Missing character: There is no 4 in font nullfont!
Missing character: There is no / in font nullfont!
Missing character: There is no 0 in font nullfont!
Missing character: There is no 6 in font nullfont!
Missing character: There is no 9 in font nullfont!
Missing character: There is no 9 in font nullfont!
Missing character: There is no 7 in font nullfont!
Missing character: There is no - in font nullfont!
Missing character: There is no 1 in font nullfont!
Missing character: There is no . in font nullfont!

Overfull \hbox (10.00003pt too wide) in paragraph at lines 13--14
 \/cmr/m/n/10 ~a 
 []

)
! Emergency stop.
<*> agradecimentos.tex
                      
*** (job aborted, no legal \end found)

 
Here is how much of TeX's memory you used:
 27 strings out of 469515
 517 string characters out of 5470807
 435756 words of memory out of 5000000
 28779 multiletter control sequences out of 15000+600000
 628067 words of font info for 41 fonts, out of 8000000 for 9000
 14 hyphenation exceptions out of 8191
 23i,1n,32p,173b,147s stack positions out of 10000i,1000n,20000p,200000b,200000s
!  ==> Fatal error occurred, no output PDF file produced!
