\BOOKMARK [0][-]{chapter.1}{\376\377\000I\000n\000t\000r\000o\000d\000u\000c\000t\000i\000o\000n}{}% 1
\BOOKMARK [0][-]{chapter.2}{\376\377\000U\000n\000i\000v\000e\000r\000s\000a\000l\000i\000t\000y}{}% 2
\BOOKMARK [1][-]{section.2.1}{\376\377\000A\000n\000\040\000o\000v\000e\000r\000v\000i\000e\000w\000\040\000o\000n\000\040\000U\000n\000i\000v\000e\000r\000s\000a\000l\000i\000t\000y}{chapter.2}% 3
\BOOKMARK [2][-]{subsection.2.1.1}{\376\377\000M\000o\000d\000e\000l\000i\000n\000g\000\040\000b\000y\000\040\000R\000a\000n\000d\000o\000m\000\040\000M\000a\000t\000r\000i\000c\000e\000s}{section.2.1}% 4
\BOOKMARK [1][-]{section.2.2}{\376\377\000H\000e\000a\000v\000y\000\040\000A\000t\000o\000m\000\040\000N\000u\000c\000l\000e\000i}{chapter.2}% 5
\BOOKMARK [1][-]{section.2.3}{\376\377\000R\000a\000n\000d\000o\000m\000\040\000W\000a\000l\000k\000e\000r\000s}{chapter.2}% 6
\BOOKMARK [1][-]{section.2.4}{\376\377\000A\000z\000t\000e\000c\000\040\000D\000i\000a\000m\000o\000n\000d\000s}{chapter.2}% 7
\BOOKMARK [1][-]{section.2.5}{\376\377\000U\000l\000a\000m\000'\000s\000\040\000P\000r\000o\000b\000l\000e\000m}{chapter.2}% 8
\BOOKMARK [2][-]{subsection.2.5.1}{\376\377\000Y\000o\000u\000n\000g\000'\000s\000\040\000D\000i\000a\000g\000r\000a\000m\000\040\000-\000\040\000a\000n\000d\000\040\000T\000a\000b\000l\000e\000a\000u\000s}{section.2.5}% 9
\BOOKMARK [1][-]{section.2.6}{\376\377\000M\000a\000t\000c\000h\000i\000n\000g\000\040\000S\000e\000q\000u\000e\000n\000c\000e\000s}{chapter.2}% 10
\BOOKMARK [1][-]{section.2.7}{\376\377\000P\000u\000b\000l\000i\000c\000\040\000T\000r\000a\000n\000s\000p\000o\000r\000t\000a\000t\000i\000o\000n\000\040\000-\000\040\000H\000u\000m\000a\000m\000\040\000m\000a\000d\000e}{chapter.2}% 11
\BOOKMARK [1][-]{section.2.8}{\376\377\000R\000i\000e\000m\000a\000n\000n\000\040\000z\000e\000t\000a\000\040\000f\000u\000n\000c\000t\000i\000o\000n\000\040\000-\000\040\000A\000n\000\040\000a\000n\000e\000d\000o\000t\000e}{chapter.2}% 12
\BOOKMARK [1][-]{section.2.9}{\376\377\000B\000u\000t\000\040\000w\000h\000a\000t\000\040\000i\000s\000\040\000t\000h\000e\000\040\000T\000r\000a\000c\000y\000-\000W\000i\000d\000o\000w}{chapter.2}% 13
\BOOKMARK [0][-]{chapter.3}{\376\377\000R\000a\000n\000d\000o\000m\000\040\000M\000a\000t\000r\000i\000x\000\040\000T\000h\000e\000o\000r\000y}{}% 14
\BOOKMARK [1][-]{section.3.1}{\376\377\000R\000a\000n\000d\000o\000m\000\040\000M\000a\000t\000r\000i\000c\000e\000s}{chapter.3}% 15
\BOOKMARK [2][-]{subsection.3.1.1}{\376\377\000R\000a\000n\000d\000o\000m\000\040\000M\000a\000t\000r\000i\000c\000e\000s\000\040\000E\000n\000s\000e\000m\000b\000l\000e\000s}{section.3.1}% 16
\BOOKMARK [2][-]{subsection.3.1.2}{\376\377\000S\000o\000m\000e\000\040\000q\000u\000a\000n\000t\000i\000t\000i\000e\000s}{section.3.1}% 17
\BOOKMARK [3][-]{section*.8}{\376\377\000M\000o\000m\000e\000n\000t\000\040\000G\000e\000n\000e\000r\000a\000t\000i\000n\000g\000\040\000F\000u\000n\000c\000t\000i\000o\000n}{subsection.3.1.2}% 18
\BOOKMARK [2][-]{subsection.3.1.3}{\376\377\000C\000l\000a\000s\000s\000i\000c\000a\000l\000\040\000E\000n\000s\000e\000m\000b\000l\000e\000s}{section.3.1}% 19
\BOOKMARK [1][-]{section.3.2}{\376\377\000I\000n\000v\000a\000r\000i\000a\000n\000t\000\040\000M\000e\000a\000s\000u\000r\000e}{chapter.3}% 20
\BOOKMARK [2][-]{subsection.3.2.1}{\376\377\000E\000i\000g\000e\000n\000v\000a\000l\000u\000e\000s\000\040\000j\000.\000p\000.\000d\000.\000f\000.\000s}{section.3.2}% 21
\BOOKMARK [2][-]{subsection.3.2.2}{\376\377\000G\000a\000u\000s\000s\000i\000a\000n\000\040\000E\000n\000s\000e\000m\000b\000l\000e\000s}{section.3.2}% 22
\BOOKMARK [2][-]{subsection.3.2.3}{\376\377\000E\000m\000p\000i\000r\000i\000c\000a\000l\000\040\000M\000e\000a\000s\000u\000r\000e}{section.3.2}% 23
\BOOKMARK [1][-]{section.3.3}{\376\377\000O\000r\000t\000h\000o\000g\000o\000n\000a\000l\000\040\000P\000o\000l\000y\000n\000o\000m\000i\000a\000l\000\040\000E\000n\000s\000e\000m\000b\000l\000e\000s}{chapter.3}% 24
\BOOKMARK [2][-]{subsection.3.3.1}{\376\377\000T\000h\000e\000\040\000c\000a\000s\000e\000\040\000f\000o\000r\000\040\000=\000\040\0002}{section.3.3}% 25
\BOOKMARK [1][-]{section.3.4}{\376\377\000V\000a\000n\000d\000e\000r\000m\000o\000n\000d\000e}{chapter.3}% 26
\BOOKMARK [1][-]{section.3.5}{\376\377\000E\000q\000u\000i\000l\000i\000b\000r\000i\000u\000m\000\040\000M\000e\000a\000s\000u\000r\000e}{chapter.3}% 27
\BOOKMARK [0][-]{chapter.4}{\376\377\000O\000r\000t\000h\000o\000g\000o\000n\000a\000l\000\040\000P\000o\000l\000y\000n\000o\000m\000i\000a\000l\000s}{}% 28
\BOOKMARK [1][-]{section.4.1}{\376\377\000H\000e\000r\000m\000i\000t\000e\000\040\000P\000o\000l\000y\000n\000o\000m\000i\000a\000l\000s}{chapter.4}% 29
\BOOKMARK [2][-]{subsection.4.1.1}{\376\377\000A\000r\000b\000i\000t\000r\000a\000r\000y\000\040\000V\000a\000r\000i\000a\000n\000c\000e}{section.4.1}% 30
\BOOKMARK [2][-]{subsection.4.1.2}{\376\377\000C\000o\000m\000b\000i\000n\000a\000t\000o\000r\000i\000a\000l\000\040\000A\000r\000g\000u\000m\000e\000n\000t\000s}{section.4.1}% 31
\BOOKMARK [2][-]{subsection.4.1.3}{\376\377\000A\000s\000y\000m\000p\000t\000o\000t\000i\000c\000\040\000-\000\040\000x\000\040\000=\000\040\000O\000\050\000n\000\051}{section.4.1}% 32
\BOOKMARK [2][-]{subsection.4.1.4}{\376\377\000I\000n\000t\000e\000g\000r\000a\000l\000\040\000R\000e\000p\000r\000e\000s\000e\000n\000t\000a\000t\000i\000o\000n}{section.4.1}% 33
\BOOKMARK [0][-]{chapter.5}{\376\377\000A\000s\000y\000m\000p\000t\000o\000t\000i\000c}{}% 34
\BOOKMARK [1][-]{subsection.5.0.1}{\376\377\000M\000o\000t\000i\000v\000a\000t\000i\000o\000n\000s}{chapter.5}% 35
\BOOKMARK [1][-]{section.5.1}{\376\377\000L\000a\000p\000l\000a\000c\000e\000\040\000M\000e\000t\000h\000o\000d}{chapter.5}% 36
\BOOKMARK [2][-]{subsection.5.1.1}{\376\377\000W\000a\000t\000s\000o\000n\000'\000s\000\040\000L\000e\000m\000m\000a}{section.5.1}% 37
\BOOKMARK [2][-]{subsection.5.1.2}{\376\377\000L\000a\000p\000l\000a\000c\000e\000'\000s\000\040\000L\000e\000m\000m\000a}{section.5.1}% 38
\BOOKMARK [3][-]{section*.9}{\376\377\000E\000x\000a\000m\000p\000l\000e\000\040\000-\000\040\000G\000a\000m\000m\000a\000\040\000F\000u\000n\000c\000t\000i\000o\000n}{subsection.5.1.2}% 39
\BOOKMARK [1][-]{section.5.2}{\376\377\000S\000t\000e\000e\000p\000e\000s\000t\000\040\000D\000e\000s\000c\000e\000n\000t}{chapter.5}% 40
\BOOKMARK [2][-]{subsection.5.2.1}{\376\377\000A\000i\000r\000y\000\040\000f\000u\000n\000c\000t\000i\000o\000n}{section.5.2}% 41
\BOOKMARK [2][-]{subsection.5.2.2}{\376\377\000H\000e\000r\000m\000i\000t\000e\000'\000s\000\040\000P\000o\000l\000y\000n\000o\000m\000i\000a\000l\000s}{section.5.2}% 42
\BOOKMARK [3][-]{section*.11}{\376\377\000R\000e\000g\000i\000m\000e\000\040\000x\000\040\000=\000\040\000o\000\050\0001\000\051}{subsection.5.2.2}% 43
\BOOKMARK [3][-]{section*.12}{\376\377\000R\000e\000g\000i\000m\000e\000\040\000x\000\040\000=\000\040\000o\000\050\000n\000\051}{subsection.5.2.2}% 44
\BOOKMARK [3][-]{section*.14}{\376\377\000C\000a\000s\000e\000\040\0001\000\040}{subsection.5.2.2}% 45
\BOOKMARK [3][-]{section*.16}{\376\377\000C\000a\000s\000e\000\040\0002}{subsection.5.2.2}% 46
\BOOKMARK [3][-]{section*.18}{\376\377\000C\000a\000s\000e\000\040\0003}{subsection.5.2.2}% 47
\BOOKMARK [1][-]{section.5.3}{\376\377\000K\000e\000r\000n\000e\000l\000s}{chapter.5}% 48
\BOOKMARK [2][-]{subsection.5.3.1}{\376\377\000S\000i\000n\000e\000\040\000K\000e\000r\000n\000e\000l}{section.5.3}% 49
\BOOKMARK [2][-]{subsection.5.3.2}{\376\377\000A\000i\000r\000y\000\040\000K\000e\000r\000n\000e\000l}{section.5.3}% 50
\BOOKMARK [1][-]{section.5.4}{\376\377\000E\000q\000u\000i\000l\000i\000b\000r\000i\000u\000m\000\040\000M\000e\000a\000s\000u\000r\000e}{chapter.5}% 51
\BOOKMARK [0][-]{chapter.6}{\376\377\000E\000x\000t\000e\000r\000n\000a\000l\000\040\000F\000i\000e\000l\000d\000\040\000M\000o\000d\000e\000l}{}% 52
\BOOKMARK [0][-]{chapter.7}{\376\377\000S\000u\000n\000g\000-\000S\000o\000o\000\040\000P\000a\000p\000e\000r}{}% 53
\BOOKMARK [1][-]{section.7.1}{\376\377\000C\000o\000u\000l\000o\000m\000b\000\040\000G\000a\000s\000e\000s\000\040\000i\000n\000\040\000t\000h\000e\000\040\000C\000o\000m\000p\000l\000e\000x\000\040\000P\000l\000a\000n\000e}{chapter.7}% 54
\BOOKMARK [1][-]{section.7.2}{\376\377\000D\000r\000o\000p\000l\000e\000t\000\040\000R\000e\000s\000u\000l\000t\000s}{chapter.7}% 55
\BOOKMARK [2][-]{subsection.7.2.1}{\376\377\000A\000s\000y\000m\000p\000t\000o\000t\000i\000c\000s\000\040\000f\000o\000r\000\040\000r\000a\000n\000d\000o\000m\000\040\000n\000o\000r\000m\000a\000l\000\040\000m\000a\000t\000r\000i\000c\000e\000s}{section.7.2}% 56
\BOOKMARK [3][-]{section*.21}{\376\377\000P\000o\000l\000y\000n\000o\000m\000i\000a\000l\000\040\000A\000s\000y\000m\000p\000t\000o\000t\000i\000c\000s\000\040\000-\000\040\000A\000n\000n\000u\000l\000u\000s}{subsection.7.2.1}% 57
\BOOKMARK [3][-]{section*.22}{\376\377\000P\000o\000l\000y\000n\000o\000m\000i\000a\000l\000\040\000A\000s\000y\000m\000p\000t\000o\000t\000i\000c\000s\000\040\000-\000\040\000D\000i\000s\000k}{subsection.7.2.1}% 58
\BOOKMARK [0][-]{chapter.8}{\376\377\000M\000i\000s\000c\000e\000l\000l\000a\000n\000e\000o\000u\000s}{}% 59
\BOOKMARK [1][-]{section.8.1}{\376\377\000L\000a\000p\000l\000a\000c\000e\000\040\000T\000r\000a\000n\000s\000f\000o\000r\000m}{chapter.8}% 60
\BOOKMARK [1][-]{section.8.2}{\376\377\000F\000o\000u\000r\000r\000i\000e\000r\000\040\000T\000r\000a\000n\000s\000f\000o\000r\000m}{chapter.8}% 61
\BOOKMARK [2][-]{subsection.8.2.1}{\376\377\000O\000n\000\040\000D\000i\000f\000f\000e\000r\000e\000n\000t\000i\000a\000l\000\040\000E\000q\000u\000a\000t\000i\000o\000n\000s}{section.8.2}% 62
